// Jest Snapshot v1, https://goo.gl/fbAQLP

exports[`Render headerblock to page 1`] = `
<div
  class="headerDiv"
/>
`;
